// Jest Snapshot v1, https://goo.gl/fbAQLP

exports[`App component Should match snapshot 1`] = `
ShallowWrapper {
  "length": 1,
  Symbol(enzyme.__root__): [Circular],
  Symbol(enzyme.__unrendered__): <Unknown />,
  Symbol(enzyme.__renderer__): Object {
    "batchedUpdates": [Function],
    "getNode": [Function],
    "render": [Function],
    "simulateEvent": [Function],
    "unmount": [Function],
  },
  Symbol(enzyme.__node__): Object {
    "instance": null,
    "key": null,
    "nodeType": "class",
    "props": Object {
      "bsClass": "row",
      "children": Array [
        <Col
          bsClass="col"
          componentClass="div"
          sm={12}
          xsHidden={true}
>
          <h2>
                    TETRIS
          </h2>
          <hr />
</Col>,
        <InfoBoxOuter>
          <Col
                    bsClass="col"
                    componentClass="div"
                    lg={6}
                    lgOffset={6}
                    md={6}
                    mdOffset={6}
                    sm={12}
          >
                    <Unknown />
          </Col>
</InfoBoxOuter>,
        <Col
          bsClass="col"
          componentClass="div"
          sm={4}
          xs={12}
>
          <PauseModal />
          <Connect(GameOverModal) />
          <Connect(Tetris) />
</Col>,
        <InfoBoxOuter>
          <Row
                    bsClass="row"
                    componentClass="div"
          >
                    <Col
                              bsClass="col"
                              className="game-info solid-border text-left"
                              componentClass="div"
                              md={6}
                              sm={12}
                    >
                              <Connect(Bag) />
                              <hr
                                        className="line-top-margin"
                              />
                              <h4>
                                        Score
                              </h4>
                              <p
                                        className="info-text"
                              >
                                        100
                              </p>
                              <hr />
                              <h4>
                                        Lines
                              </h4>
                              <p
                                        className="info-text"
                              >
                                        23
                              </p>
                    </Col>
          </Row>
</InfoBoxOuter>,
      ],
      "className": "App",
      "componentClass": "div",
    },
    "ref": null,
    "rendered": Array [
      Object {
        "instance": null,
        "key": null,
        "nodeType": "class",
        "props": Object {
          "bsClass": "col",
          "children": Array [
            <h2>
              TETRIS
</h2>,
            <hr />,
          ],
          "componentClass": "div",
          "sm": 12,
          "xsHidden": true,
        },
        "ref": null,
        "rendered": Array [
          Object {
            "instance": null,
            "key": null,
            "nodeType": "host",
            "props": Object {
              "children": "TETRIS",
            },
            "ref": null,
            "rendered": "TETRIS",
            "type": "h2",
          },
          Object {
            "instance": null,
            "key": null,
            "nodeType": "host",
            "props": Object {},
            "ref": null,
            "rendered": null,
            "type": "hr",
          },
        ],
        "type": [Function],
      },
      Object {
        "instance": null,
        "key": null,
        "nodeType": "function",
        "props": Object {
          "children": <Col
            bsClass="col"
            componentClass="div"
            lg={6}
            lgOffset={6}
            md={6}
            mdOffset={6}
            sm={12}
>
            <Unknown />
</Col>,
        },
        "ref": null,
        "rendered": Object {
          "instance": null,
          "key": null,
          "nodeType": "class",
          "props": Object {
            "bsClass": "col",
            "children": <Unknown />,
            "componentClass": "div",
            "lg": 6,
            "lgOffset": 6,
            "md": 6,
            "mdOffset": 6,
            "sm": 12,
          },
          "ref": null,
          "rendered": Object {
            "instance": null,
            "key": null,
            "nodeType": "function",
            "props": Object {},
            "ref": null,
            "rendered": null,
            "type": [Function],
          },
          "type": [Function],
        },
        "type": [Function],
      },
      Object {
        "instance": null,
        "key": null,
        "nodeType": "class",
        "props": Object {
          "bsClass": "col",
          "children": Array [
            <PauseModal />,
            <Connect(GameOverModal) />,
            <Connect(Tetris) />,
          ],
          "componentClass": "div",
          "sm": 4,
          "xs": 12,
        },
        "ref": null,
        "rendered": Array [
          Object {
            "instance": null,
            "key": null,
            "nodeType": "class",
            "props": Object {},
            "ref": null,
            "rendered": null,
            "type": [Function],
          },
          Object {
            "instance": null,
            "key": null,
            "nodeType": "class",
            "props": Object {},
            "ref": null,
            "rendered": null,
            "type": [Function],
          },
          Object {
            "instance": null,
            "key": null,
            "nodeType": "class",
            "props": Object {},
            "ref": null,
            "rendered": null,
            "type": [Function],
          },
        ],
        "type": [Function],
      },
      Object {
        "instance": null,
        "key": null,
        "nodeType": "function",
        "props": Object {
          "children": <Row
            bsClass="row"
            componentClass="div"
>
            <Col
                        bsClass="col"
                        className="game-info solid-border text-left"
                        componentClass="div"
                        md={6}
                        sm={12}
            >
                        <Connect(Bag) />
                        <hr
                                    className="line-top-margin"
                        />
                        <h4>
                                    Score
                        </h4>
                        <p
                                    className="info-text"
                        >
                                    100
                        </p>
                        <hr />
                        <h4>
                                    Lines
                        </h4>
                        <p
                                    className="info-text"
                        >
                                    23
                        </p>
            </Col>
</Row>,
        },
        "ref": null,
        "rendered": Object {
          "instance": null,
          "key": null,
          "nodeType": "class",
          "props": Object {
            "bsClass": "row",
            "children": <Col
              bsClass="col"
              className="game-info solid-border text-left"
              componentClass="div"
              md={6}
              sm={12}
>
              <Connect(Bag) />
              <hr
                            className="line-top-margin"
              />
              <h4>
                            Score
              </h4>
              <p
                            className="info-text"
              >
                            100
              </p>
              <hr />
              <h4>
                            Lines
              </h4>
              <p
                            className="info-text"
              >
                            23
              </p>
</Col>,
            "componentClass": "div",
          },
          "ref": null,
          "rendered": Object {
            "instance": null,
            "key": null,
            "nodeType": "class",
            "props": Object {
              "bsClass": "col",
              "children": Array [
                <Connect(Bag) />,
                <hr
                  className="line-top-margin"
/>,
                <h4>
                  Score
</h4>,
                <p
                  className="info-text"
>
                  100
</p>,
                <hr />,
                <h4>
                  Lines
</h4>,
                <p
                  className="info-text"
>
                  23
</p>,
              ],
              "className": "game-info solid-border text-left",
              "componentClass": "div",
              "md": 6,
              "sm": 12,
            },
            "ref": null,
            "rendered": Array [
              Object {
                "instance": null,
                "key": null,
                "nodeType": "class",
                "props": Object {},
                "ref": null,
                "rendered": null,
                "type": [Function],
              },
              Object {
                "instance": null,
                "key": null,
                "nodeType": "host",
                "props": Object {
                  "className": "line-top-margin",
                },
                "ref": null,
                "rendered": null,
                "type": "hr",
              },
              Object {
                "instance": null,
                "key": null,
                "nodeType": "host",
                "props": Object {
                  "children": "Score",
                },
                "ref": null,
                "rendered": "Score",
                "type": "h4",
              },
              Object {
                "instance": null,
                "key": null,
                "nodeType": "host",
                "props": Object {
                  "children": "100",
                  "className": "info-text",
                },
                "ref": null,
                "rendered": "100",
                "type": "p",
              },
              Object {
                "instance": null,
                "key": null,
                "nodeType": "host",
                "props": Object {},
                "ref": null,
                "rendered": null,
                "type": "hr",
              },
              Object {
                "instance": null,
                "key": null,
                "nodeType": "host",
                "props": Object {
                  "children": "Lines",
                },
                "ref": null,
                "rendered": "Lines",
                "type": "h4",
              },
              Object {
                "instance": null,
                "key": null,
                "nodeType": "host",
                "props": Object {
                  "children": "23",
                  "className": "info-text",
                },
                "ref": null,
                "rendered": "23",
                "type": "p",
              },
            ],
            "type": [Function],
          },
          "type": [Function],
        },
        "type": [Function],
      },
    ],
    "type": [Function],
  },
  Symbol(enzyme.__nodes__): Array [
    Object {
      "instance": null,
      "key": null,
      "nodeType": "class",
      "props": Object {
        "bsClass": "row",
        "children": Array [
          <Col
            bsClass="col"
            componentClass="div"
            sm={12}
            xsHidden={true}
>
            <h2>
                        TETRIS
            </h2>
            <hr />
</Col>,
          <InfoBoxOuter>
            <Col
                        bsClass="col"
                        componentClass="div"
                        lg={6}
                        lgOffset={6}
                        md={6}
                        mdOffset={6}
                        sm={12}
            >
                        <Unknown />
            </Col>
</InfoBoxOuter>,
          <Col
            bsClass="col"
            componentClass="div"
            sm={4}
            xs={12}
>
            <PauseModal />
            <Connect(GameOverModal) />
            <Connect(Tetris) />
</Col>,
          <InfoBoxOuter>
            <Row
                        bsClass="row"
                        componentClass="div"
            >
                        <Col
                                    bsClass="col"
                                    className="game-info solid-border text-left"
                                    componentClass="div"
                                    md={6}
                                    sm={12}
                        >
                                    <Connect(Bag) />
                                    <hr
                                                className="line-top-margin"
                                    />
                                    <h4>
                                                Score
                                    </h4>
                                    <p
                                                className="info-text"
                                    >
                                                100
                                    </p>
                                    <hr />
                                    <h4>
                                                Lines
                                    </h4>
                                    <p
                                                className="info-text"
                                    >
                                                23
                                    </p>
                        </Col>
            </Row>
</InfoBoxOuter>,
        ],
        "className": "App",
        "componentClass": "div",
      },
      "ref": null,
      "rendered": Array [
        Object {
          "instance": null,
          "key": null,
          "nodeType": "class",
          "props": Object {
            "bsClass": "col",
            "children": Array [
              <h2>
                TETRIS
</h2>,
              <hr />,
            ],
            "componentClass": "div",
            "sm": 12,
            "xsHidden": true,
          },
          "ref": null,
          "rendered": Array [
            Object {
              "instance": null,
              "key": null,
              "nodeType": "host",
              "props": Object {
                "children": "TETRIS",
              },
              "ref": null,
              "rendered": "TETRIS",
              "type": "h2",
            },
            Object {
              "instance": null,
              "key": null,
              "nodeType": "host",
              "props": Object {},
              "ref": null,
              "rendered": null,
              "type": "hr",
            },
          ],
          "type": [Function],
        },
        Object {
          "instance": null,
          "key": null,
          "nodeType": "function",
          "props": Object {
            "children": <Col
              bsClass="col"
              componentClass="div"
              lg={6}
              lgOffset={6}
              md={6}
              mdOffset={6}
              sm={12}
>
              <Unknown />
</Col>,
          },
          "ref": null,
          "rendered": Object {
            "instance": null,
            "key": null,
            "nodeType": "class",
            "props": Object {
              "bsClass": "col",
              "children": <Unknown />,
              "componentClass": "div",
              "lg": 6,
              "lgOffset": 6,
              "md": 6,
              "mdOffset": 6,
              "sm": 12,
            },
            "ref": null,
            "rendered": Object {
              "instance": null,
              "key": null,
              "nodeType": "function",
              "props": Object {},
              "ref": null,
              "rendered": null,
              "type": [Function],
            },
            "type": [Function],
          },
          "type": [Function],
        },
        Object {
          "instance": null,
          "key": null,
          "nodeType": "class",
          "props": Object {
            "bsClass": "col",
            "children": Array [
              <PauseModal />,
              <Connect(GameOverModal) />,
              <Connect(Tetris) />,
            ],
            "componentClass": "div",
            "sm": 4,
            "xs": 12,
          },
          "ref": null,
          "rendered": Array [
            Object {
              "instance": null,
              "key": null,
              "nodeType": "class",
              "props": Object {},
              "ref": null,
              "rendered": null,
              "type": [Function],
            },
            Object {
              "instance": null,
              "key": null,
              "nodeType": "class",
              "props": Object {},
              "ref": null,
              "rendered": null,
              "type": [Function],
            },
            Object {
              "instance": null,
              "key": null,
              "nodeType": "class",
              "props": Object {},
              "ref": null,
              "rendered": null,
              "type": [Function],
            },
          ],
          "type": [Function],
        },
        Object {
          "instance": null,
          "key": null,
          "nodeType": "function",
          "props": Object {
            "children": <Row
              bsClass="row"
              componentClass="div"
>
              <Col
                            bsClass="col"
                            className="game-info solid-border text-left"
                            componentClass="div"
                            md={6}
                            sm={12}
              >
                            <Connect(Bag) />
                            <hr
                                          className="line-top-margin"
                            />
                            <h4>
                                          Score
                            </h4>
                            <p
                                          className="info-text"
                            >
                                          100
                            </p>
                            <hr />
                            <h4>
                                          Lines
                            </h4>
                            <p
                                          className="info-text"
                            >
                                          23
                            </p>
              </Col>
</Row>,
          },
          "ref": null,
          "rendered": Object {
            "instance": null,
            "key": null,
            "nodeType": "class",
            "props": Object {
              "bsClass": "row",
              "children": <Col
                bsClass="col"
                className="game-info solid-border text-left"
                componentClass="div"
                md={6}
                sm={12}
>
                <Connect(Bag) />
                <hr
                                className="line-top-margin"
                />
                <h4>
                                Score
                </h4>
                <p
                                className="info-text"
                >
                                100
                </p>
                <hr />
                <h4>
                                Lines
                </h4>
                <p
                                className="info-text"
                >
                                23
                </p>
</Col>,
              "componentClass": "div",
            },
            "ref": null,
            "rendered": Object {
              "instance": null,
              "key": null,
              "nodeType": "class",
              "props": Object {
                "bsClass": "col",
                "children": Array [
                  <Connect(Bag) />,
                  <hr
                    className="line-top-margin"
/>,
                  <h4>
                    Score
</h4>,
                  <p
                    className="info-text"
>
                    100
</p>,
                  <hr />,
                  <h4>
                    Lines
</h4>,
                  <p
                    className="info-text"
>
                    23
</p>,
                ],
                "className": "game-info solid-border text-left",
                "componentClass": "div",
                "md": 6,
                "sm": 12,
              },
              "ref": null,
              "rendered": Array [
                Object {
                  "instance": null,
                  "key": null,
                  "nodeType": "class",
                  "props": Object {},
                  "ref": null,
                  "rendered": null,
                  "type": [Function],
                },
                Object {
                  "instance": null,
                  "key": null,
                  "nodeType": "host",
                  "props": Object {
                    "className": "line-top-margin",
                  },
                  "ref": null,
                  "rendered": null,
                  "type": "hr",
                },
                Object {
                  "instance": null,
                  "key": null,
                  "nodeType": "host",
                  "props": Object {
                    "children": "Score",
                  },
                  "ref": null,
                  "rendered": "Score",
                  "type": "h4",
                },
                Object {
                  "instance": null,
                  "key": null,
                  "nodeType": "host",
                  "props": Object {
                    "children": "100",
                    "className": "info-text",
                  },
                  "ref": null,
                  "rendered": "100",
                  "type": "p",
                },
                Object {
                  "instance": null,
                  "key": null,
                  "nodeType": "host",
                  "props": Object {},
                  "ref": null,
                  "rendered": null,
                  "type": "hr",
                },
                Object {
                  "instance": null,
                  "key": null,
                  "nodeType": "host",
                  "props": Object {
                    "children": "Lines",
                  },
                  "ref": null,
                  "rendered": "Lines",
                  "type": "h4",
                },
                Object {
                  "instance": null,
                  "key": null,
                  "nodeType": "host",
                  "props": Object {
                    "children": "23",
                    "className": "info-text",
                  },
                  "ref": null,
                  "rendered": "23",
                  "type": "p",
                },
              ],
              "type": [Function],
            },
            "type": [Function],
          },
          "type": [Function],
        },
      ],
      "type": [Function],
    },
  ],
  Symbol(enzyme.__options__): Object {
    "adapter": ReactSixteenAdapter {
      "options": Object {
        "enableComponentDidUpdateOnSetState": true,
      },
    },
  },
}
`;
